../../../../../../../Drivers/STM32WBxx_HAL_Driver/Inc/stm32wbxx_ll_system.h:2223:26:LL_FLASH_GetUDN	4	static
../../../../../../../Drivers/STM32WBxx_HAL_Driver/Inc/stm32wbxx_ll_system.h:2235:26:LL_FLASH_GetDeviceID	4	static
../../../../../../../Drivers/STM32WBxx_HAL_Driver/Inc/stm32wbxx_ll_system.h:2247:26:LL_FLASH_GetSTCompanyID	4	static
D:/Projects/gen_ai_robot_pendulum/mb1292b-controller/Projects/STM32WB5MM-DK/Applications/BLE/BLE_Sensor/STM32_WPAN/App/app_ble.c:374:6:APP_BLE_Init	224	static
D:/Projects/gen_ai_robot_pendulum/mb1292b-controller/Projects/STM32WB5MM-DK/Applications/BLE/BLE_Sensor/STM32_WPAN/App/app_ble.c:575:28:SVCCTL_App_Notification	80	static
D:/Projects/gen_ai_robot_pendulum/mb1292b-controller/Projects/STM32WB5MM-DK/Applications/BLE/BLE_Sensor/STM32_WPAN/App/app_ble.c:816:22:APP_BLE_Get_Server_Connection_Status	4	static
D:/Projects/gen_ai_robot_pendulum/mb1292b-controller/Projects/STM32WB5MM-DK/Applications/BLE/BLE_Sensor/STM32_WPAN/App/app_ble.c:822:6:APP_BLE_Key_Button1_Action	8	static
D:/Projects/gen_ai_robot_pendulum/mb1292b-controller/Projects/STM32WB5MM-DK/Applications/BLE/BLE_Sensor/STM32_WPAN/App/app_ble.c:833:13:Ble_Tl_Init	16	static
D:/Projects/gen_ai_robot_pendulum/mb1292b-controller/Projects/STM32WB5MM-DK/Applications/BLE/BLE_Sensor/STM32_WPAN/App/app_ble.c:844:13:Ble_Hci_Gap_Gatt_Init	64	static
D:/Projects/gen_ai_robot_pendulum/mb1292b-controller/Projects/STM32WB5MM-DK/Applications/BLE/BLE_Sensor/STM32_WPAN/App/app_ble.c:1116:13:Adv_Request	56	static
D:/Projects/gen_ai_robot_pendulum/mb1292b-controller/Projects/STM32WB5MM-DK/Applications/BLE/BLE_Sensor/STM32_WPAN/App/app_ble.c:1206:16:BleGetBdAddress	32	static
D:/Projects/gen_ai_robot_pendulum/mb1292b-controller/Projects/STM32WB5MM-DK/Applications/BLE/BLE_Sensor/STM32_WPAN/App/app_ble.c:1263:13:Adv_Cancel	16	static
D:/Projects/gen_ai_robot_pendulum/mb1292b-controller/Projects/STM32WB5MM-DK/Applications/BLE/BLE_Sensor/STM32_WPAN/App/app_ble.c:1294:13:Adv_Cancel_Req	8	static
D:/Projects/gen_ai_robot_pendulum/mb1292b-controller/Projects/STM32WB5MM-DK/Applications/BLE/BLE_Sensor/STM32_WPAN/App/app_ble.c:1309:13:Switch_OFF_GPIO	4	static
D:/Projects/gen_ai_robot_pendulum/mb1292b-controller/Projects/STM32WB5MM-DK/Applications/BLE/BLE_Sensor/STM32_WPAN/App/app_ble.c:1374:6:hci_notify_asynch_evt	16	static
D:/Projects/gen_ai_robot_pendulum/mb1292b-controller/Projects/STM32WB5MM-DK/Applications/BLE/BLE_Sensor/STM32_WPAN/App/app_ble.c:1381:6:hci_cmd_resp_release	16	static
D:/Projects/gen_ai_robot_pendulum/mb1292b-controller/Projects/STM32WB5MM-DK/Applications/BLE/BLE_Sensor/STM32_WPAN/App/app_ble.c:1388:6:hci_cmd_resp_wait	16	static
D:/Projects/gen_ai_robot_pendulum/mb1292b-controller/Projects/STM32WB5MM-DK/Applications/BLE/BLE_Sensor/STM32_WPAN/App/app_ble.c:1395:13:BLE_UserEvtRx	24	static
D:/Projects/gen_ai_robot_pendulum/mb1292b-controller/Projects/STM32WB5MM-DK/Applications/BLE/BLE_Sensor/STM32_WPAN/App/app_ble.c:1415:13:BLE_StatusNot	24	static
D:/Projects/gen_ai_robot_pendulum/mb1292b-controller/Projects/STM32WB5MM-DK/Applications/BLE/BLE_Sensor/STM32_WPAN/App/app_ble.c:1454:6:SVCCTL_ResumeUserEventFlow	8	static
