D:/Projects/gen_ai_robot_pendulum/mb1292b-controller/Drivers/BSP/STM32WB5MM-DK/stm32wb5mm_dk_motion_sensors.c:86:9:BSP_MOTION_SENSOR_Init	96	static
D:/Projects/gen_ai_robot_pendulum/mb1292b-controller/Drivers/BSP/STM32WB5MM-DK/stm32wb5mm_dk_motion_sensors.c:151:9:BSP_MOTION_SENSOR_DeInit	8	static
D:/Projects/gen_ai_robot_pendulum/mb1292b-controller/Drivers/BSP/STM32WB5MM-DK/stm32wb5mm_dk_motion_sensors.c:177:9:BSP_MOTION_SENSOR_GetCapabilities	8	static
D:/Projects/gen_ai_robot_pendulum/mb1292b-controller/Drivers/BSP/STM32WB5MM-DK/stm32wb5mm_dk_motion_sensors.c:203:9:BSP_MOTION_SENSOR_ReadID	8	static
D:/Projects/gen_ai_robot_pendulum/mb1292b-controller/Drivers/BSP/STM32WB5MM-DK/stm32wb5mm_dk_motion_sensors.c:231:9:BSP_MOTION_SENSOR_Enable	8	static
D:/Projects/gen_ai_robot_pendulum/mb1292b-controller/Drivers/BSP/STM32WB5MM-DK/stm32wb5mm_dk_motion_sensors.c:269:9:BSP_MOTION_SENSOR_Disable	8	static
D:/Projects/gen_ai_robot_pendulum/mb1292b-controller/Drivers/BSP/STM32WB5MM-DK/stm32wb5mm_dk_motion_sensors.c:308:9:BSP_MOTION_SENSOR_GetAxes	8	static
D:/Projects/gen_ai_robot_pendulum/mb1292b-controller/Drivers/BSP/STM32WB5MM-DK/stm32wb5mm_dk_motion_sensors.c:347:9:BSP_MOTION_SENSOR_GetAxesRaw	8	static
D:/Projects/gen_ai_robot_pendulum/mb1292b-controller/Drivers/BSP/STM32WB5MM-DK/stm32wb5mm_dk_motion_sensors.c:386:9:BSP_MOTION_SENSOR_GetSensitivity	8	static
D:/Projects/gen_ai_robot_pendulum/mb1292b-controller/Drivers/BSP/STM32WB5MM-DK/stm32wb5mm_dk_motion_sensors.c:426:9:BSP_MOTION_SENSOR_GetOutputDataRate	8	static
D:/Projects/gen_ai_robot_pendulum/mb1292b-controller/Drivers/BSP/STM32WB5MM-DK/stm32wb5mm_dk_motion_sensors.c:465:9:BSP_MOTION_SENSOR_GetFullScale	8	static
D:/Projects/gen_ai_robot_pendulum/mb1292b-controller/Drivers/BSP/STM32WB5MM-DK/stm32wb5mm_dk_motion_sensors.c:505:9:BSP_MOTION_SENSOR_SetOutputDataRate	8	static
D:/Projects/gen_ai_robot_pendulum/mb1292b-controller/Drivers/BSP/STM32WB5MM-DK/stm32wb5mm_dk_motion_sensors.c:544:9:BSP_MOTION_SENSOR_SetFullScale	8	static
