D:/Projects/gen_ai_robot_pendulum/mb1292b-controller/Drivers/BSP/STM32WB5MM-DK/stm32wb5mm_dk_env_sensors.c:86:9:BSP_ENV_SENSOR_Init	80	static
D:/Projects/gen_ai_robot_pendulum/mb1292b-controller/Drivers/BSP/STM32WB5MM-DK/stm32wb5mm_dk_env_sensors.c:151:9:BSP_ENV_SENSOR_DeInit	8	static
D:/Projects/gen_ai_robot_pendulum/mb1292b-controller/Drivers/BSP/STM32WB5MM-DK/stm32wb5mm_dk_env_sensors.c:177:9:BSP_ENV_SENSOR_GetCapabilities	8	static
D:/Projects/gen_ai_robot_pendulum/mb1292b-controller/Drivers/BSP/STM32WB5MM-DK/stm32wb5mm_dk_env_sensors.c:203:9:BSP_ENV_SENSOR_ReadID	8	static
D:/Projects/gen_ai_robot_pendulum/mb1292b-controller/Drivers/BSP/STM32WB5MM-DK/stm32wb5mm_dk_env_sensors.c:231:9:BSP_ENV_SENSOR_Enable	8	static
D:/Projects/gen_ai_robot_pendulum/mb1292b-controller/Drivers/BSP/STM32WB5MM-DK/stm32wb5mm_dk_env_sensors.c:269:9:BSP_ENV_SENSOR_Disable	8	static
D:/Projects/gen_ai_robot_pendulum/mb1292b-controller/Drivers/BSP/STM32WB5MM-DK/stm32wb5mm_dk_env_sensors.c:308:9:BSP_ENV_SENSOR_GetOutputDataRate	8	static
D:/Projects/gen_ai_robot_pendulum/mb1292b-controller/Drivers/BSP/STM32WB5MM-DK/stm32wb5mm_dk_env_sensors.c:347:9:BSP_ENV_SENSOR_SetOutputDataRate	8	static
D:/Projects/gen_ai_robot_pendulum/mb1292b-controller/Drivers/BSP/STM32WB5MM-DK/stm32wb5mm_dk_env_sensors.c:386:9:BSP_ENV_SENSOR_GetValue	8	static
