D:/Projects/gen_ai_robot_pendulum/mb1292b-controller/Drivers/STM32WBxx_HAL_Driver/Src/stm32wbxx_hal_uart.c:3716:13:UART_EndTxTransfer	0	static,ignoring_inline_asm
D:/Projects/gen_ai_robot_pendulum/mb1292b-controller/Drivers/STM32WBxx_HAL_Driver/Src/stm32wbxx_hal_uart.c:3732:13:UART_EndRxTransfer	8	static,ignoring_inline_asm
D:/Projects/gen_ai_robot_pendulum/mb1292b-controller/Drivers/STM32WBxx_HAL_Driver/Src/stm32wbxx_hal_uart.c:4151:13:UART_TxISR_8BIT.part.0	0	static,ignoring_inline_asm
D:/Projects/gen_ai_robot_pendulum/mb1292b-controller/Drivers/STM32WBxx_HAL_Driver/Src/stm32wbxx_hal_uart.c:4151:13:UART_TxISR_8BIT	0	static
D:/Projects/gen_ai_robot_pendulum/mb1292b-controller/Drivers/STM32WBxx_HAL_Driver/Src/stm32wbxx_hal_uart.c:4180:13:UART_TxISR_16BIT	0	static
D:/Projects/gen_ai_robot_pendulum/mb1292b-controller/Drivers/STM32WBxx_HAL_Driver/Src/stm32wbxx_hal_uart.c:4212:13:UART_TxISR_8BIT_FIFOEN	8	static,ignoring_inline_asm
D:/Projects/gen_ai_robot_pendulum/mb1292b-controller/Drivers/STM32WBxx_HAL_Driver/Src/stm32wbxx_hal_uart.c:4252:13:UART_TxISR_16BIT_FIFOEN	8	static,ignoring_inline_asm
D:/Projects/gen_ai_robot_pendulum/mb1292b-controller/Drivers/STM32WBxx_HAL_Driver/Src/stm32wbxx_hal_uart.c:689:13:HAL_UART_MspInit	0	static
D:/Projects/gen_ai_robot_pendulum/mb1292b-controller/Drivers/STM32WBxx_HAL_Driver/Src/stm32wbxx_hal_uart.c:704:13:HAL_UART_MspDeInit	0	static
D:/Projects/gen_ai_robot_pendulum/mb1292b-controller/Drivers/STM32WBxx_HAL_Driver/Src/stm32wbxx_hal_uart.c:638:19:HAL_UART_DeInit	16	static
D:/Projects/gen_ai_robot_pendulum/mb1292b-controller/Drivers/STM32WBxx_HAL_Driver/Src/stm32wbxx_hal_uart.c:1345:19:HAL_UART_Transmit_IT	8	static,ignoring_inline_asm
D:/Projects/gen_ai_robot_pendulum/mb1292b-controller/Drivers/STM32WBxx_HAL_Driver/Src/stm32wbxx_hal_uart.c:1479:19:HAL_UART_Transmit_DMA	24	static,ignoring_inline_asm
D:/Projects/gen_ai_robot_pendulum/mb1292b-controller/Drivers/STM32WBxx_HAL_Driver/Src/stm32wbxx_hal_uart.c:1602:19:HAL_UART_DMAPause	0	static,ignoring_inline_asm
D:/Projects/gen_ai_robot_pendulum/mb1292b-controller/Drivers/STM32WBxx_HAL_Driver/Src/stm32wbxx_hal_uart.c:1632:19:HAL_UART_DMAResume	0	static,ignoring_inline_asm
D:/Projects/gen_ai_robot_pendulum/mb1292b-controller/Drivers/STM32WBxx_HAL_Driver/Src/stm32wbxx_hal_uart.c:1663:19:HAL_UART_DMAStop	16	static,ignoring_inline_asm
D:/Projects/gen_ai_robot_pendulum/mb1292b-controller/Drivers/STM32WBxx_HAL_Driver/Src/stm32wbxx_hal_uart.c:1738:19:HAL_UART_Abort	8	static,ignoring_inline_asm
D:/Projects/gen_ai_robot_pendulum/mb1292b-controller/Drivers/STM32WBxx_HAL_Driver/Src/stm32wbxx_hal_uart.c:1837:19:HAL_UART_AbortTransmit	8	static,ignoring_inline_asm
D:/Projects/gen_ai_robot_pendulum/mb1292b-controller/Drivers/STM32WBxx_HAL_Driver/Src/stm32wbxx_hal_uart.c:1893:19:HAL_UART_AbortReceive	8	static,ignoring_inline_asm
D:/Projects/gen_ai_robot_pendulum/mb1292b-controller/Drivers/STM32WBxx_HAL_Driver/Src/stm32wbxx_hal_uart.c:2632:13:HAL_UART_TxCpltCallback	0	static
D:/Projects/gen_ai_robot_pendulum/mb1292b-controller/Drivers/STM32WBxx_HAL_Driver/Src/stm32wbxx_hal_uart.c:3758:13:UART_DMATransmitCplt	8	static,ignoring_inline_asm
D:/Projects/gen_ai_robot_pendulum/mb1292b-controller/Drivers/STM32WBxx_HAL_Driver/Src/stm32wbxx_hal_uart.c:2647:13:HAL_UART_TxHalfCpltCallback	0	static
D:/Projects/gen_ai_robot_pendulum/mb1292b-controller/Drivers/STM32WBxx_HAL_Driver/Src/stm32wbxx_hal_uart.c:3792:13:UART_DMATxHalfCplt	8	static
D:/Projects/gen_ai_robot_pendulum/mb1292b-controller/Drivers/STM32WBxx_HAL_Driver/Src/stm32wbxx_hal_uart.c:2662:13:HAL_UART_RxCpltCallback	0	static
D:/Projects/gen_ai_robot_pendulum/mb1292b-controller/Drivers/STM32WBxx_HAL_Driver/Src/stm32wbxx_hal_uart.c:2677:13:HAL_UART_RxHalfCpltCallback	0	static
D:/Projects/gen_ai_robot_pendulum/mb1292b-controller/Drivers/STM32WBxx_HAL_Driver/Src/stm32wbxx_hal_uart.c:2692:13:HAL_UART_ErrorCallback	0	static
D:/Projects/gen_ai_robot_pendulum/mb1292b-controller/Drivers/STM32WBxx_HAL_Driver/Src/stm32wbxx_hal_uart.c:3931:13:UART_DMAError	16	static
D:/Projects/gen_ai_robot_pendulum/mb1292b-controller/Drivers/STM32WBxx_HAL_Driver/Src/stm32wbxx_hal_uart.c:3969:13:UART_DMAAbortOnError	8	static
D:/Projects/gen_ai_robot_pendulum/mb1292b-controller/Drivers/STM32WBxx_HAL_Driver/Src/stm32wbxx_hal_uart.c:2707:13:HAL_UART_AbortCpltCallback	0	static
D:/Projects/gen_ai_robot_pendulum/mb1292b-controller/Drivers/STM32WBxx_HAL_Driver/Src/stm32wbxx_hal_uart.c:1958:19:HAL_UART_Abort_IT	16	static,ignoring_inline_asm
D:/Projects/gen_ai_robot_pendulum/mb1292b-controller/Drivers/STM32WBxx_HAL_Driver/Src/stm32wbxx_hal_uart.c:4041:13:UART_DMARxAbortCallback	8	static
D:/Projects/gen_ai_robot_pendulum/mb1292b-controller/Drivers/STM32WBxx_HAL_Driver/Src/stm32wbxx_hal_uart.c:3990:13:UART_DMATxAbortCallback	8	static
D:/Projects/gen_ai_robot_pendulum/mb1292b-controller/Drivers/STM32WBxx_HAL_Driver/Src/stm32wbxx_hal_uart.c:2722:13:HAL_UART_AbortTransmitCpltCallback	0	static
D:/Projects/gen_ai_robot_pendulum/mb1292b-controller/Drivers/STM32WBxx_HAL_Driver/Src/stm32wbxx_hal_uart.c:2107:19:HAL_UART_AbortTransmit_IT	8	static,ignoring_inline_asm
D:/Projects/gen_ai_robot_pendulum/mb1292b-controller/Drivers/STM32WBxx_HAL_Driver/Src/stm32wbxx_hal_uart.c:4089:13:UART_DMATxOnlyAbortCallback	8	static
D:/Projects/gen_ai_robot_pendulum/mb1292b-controller/Drivers/STM32WBxx_HAL_Driver/Src/stm32wbxx_hal_uart.c:2737:13:HAL_UART_AbortReceiveCpltCallback	0	static
D:/Projects/gen_ai_robot_pendulum/mb1292b-controller/Drivers/STM32WBxx_HAL_Driver/Src/stm32wbxx_hal_uart.c:2193:19:HAL_UART_AbortReceive_IT	8	static,ignoring_inline_asm
D:/Projects/gen_ai_robot_pendulum/mb1292b-controller/Drivers/STM32WBxx_HAL_Driver/Src/stm32wbxx_hal_uart.c:4120:13:UART_DMARxOnlyAbortCallback	8	static
D:/Projects/gen_ai_robot_pendulum/mb1292b-controller/Drivers/STM32WBxx_HAL_Driver/Src/stm32wbxx_hal_uart.c:2754:13:HAL_UARTEx_RxEventCallback	0	static
D:/Projects/gen_ai_robot_pendulum/mb1292b-controller/Drivers/STM32WBxx_HAL_Driver/Src/stm32wbxx_hal_uart.c:2280:6:HAL_UART_IRQHandler	24	static,ignoring_inline_asm
D:/Projects/gen_ai_robot_pendulum/mb1292b-controller/Drivers/STM32WBxx_HAL_Driver/Src/stm32wbxx_hal_uart.c:4318:13:UART_RxISR_8BIT	8	static,ignoring_inline_asm
D:/Projects/gen_ai_robot_pendulum/mb1292b-controller/Drivers/STM32WBxx_HAL_Driver/Src/stm32wbxx_hal_uart.c:4418:13:UART_RxISR_16BIT	8	static,ignoring_inline_asm
D:/Projects/gen_ai_robot_pendulum/mb1292b-controller/Drivers/STM32WBxx_HAL_Driver/Src/stm32wbxx_hal_uart.c:4520:13:UART_RxISR_8BIT_FIFOEN	32	static,ignoring_inline_asm
D:/Projects/gen_ai_robot_pendulum/mb1292b-controller/Drivers/STM32WBxx_HAL_Driver/Src/stm32wbxx_hal_uart.c:4692:13:UART_RxISR_16BIT_FIFOEN	32	static,ignoring_inline_asm
D:/Projects/gen_ai_robot_pendulum/mb1292b-controller/Drivers/STM32WBxx_HAL_Driver/Src/stm32wbxx_hal_uart.c:3883:13:UART_DMARxHalfCplt	8	static
D:/Projects/gen_ai_robot_pendulum/mb1292b-controller/Drivers/STM32WBxx_HAL_Driver/Src/stm32wbxx_hal_uart.c:3810:13:UART_DMAReceiveCplt	8	static,ignoring_inline_asm
D:/Projects/gen_ai_robot_pendulum/mb1292b-controller/Drivers/STM32WBxx_HAL_Driver/Src/stm32wbxx_hal_uart.c:2802:6:HAL_UART_ReceiverTimeout_Config	0	static
D:/Projects/gen_ai_robot_pendulum/mb1292b-controller/Drivers/STM32WBxx_HAL_Driver/Src/stm32wbxx_hal_uart.c:2822:19:HAL_UART_EnableReceiverTimeout	0	static
D:/Projects/gen_ai_robot_pendulum/mb1292b-controller/Drivers/STM32WBxx_HAL_Driver/Src/stm32wbxx_hal_uart.c:2884:19:HAL_UART_DisableReceiverTimeout	0	static
D:/Projects/gen_ai_robot_pendulum/mb1292b-controller/Drivers/STM32WBxx_HAL_Driver/Src/stm32wbxx_hal_uart.c:2986:6:HAL_MultiProcessor_EnterMuteMode	0	static
D:/Projects/gen_ai_robot_pendulum/mb1292b-controller/Drivers/STM32WBxx_HAL_Driver/Src/stm32wbxx_hal_uart.c:2996:19:HAL_HalfDuplex_EnableTransmitter	8	static,ignoring_inline_asm
D:/Projects/gen_ai_robot_pendulum/mb1292b-controller/Drivers/STM32WBxx_HAL_Driver/Src/stm32wbxx_hal_uart.c:3019:19:HAL_HalfDuplex_EnableReceiver	8	static,ignoring_inline_asm
D:/Projects/gen_ai_robot_pendulum/mb1292b-controller/Drivers/STM32WBxx_HAL_Driver/Src/stm32wbxx_hal_uart.c:3043:19:HAL_LIN_SendBreak	0	static
D:/Projects/gen_ai_robot_pendulum/mb1292b-controller/Drivers/STM32WBxx_HAL_Driver/Src/stm32wbxx_hal_uart.c:3088:23:HAL_UART_GetState	0	static
D:/Projects/gen_ai_robot_pendulum/mb1292b-controller/Drivers/STM32WBxx_HAL_Driver/Src/stm32wbxx_hal_uart.c:3104:10:HAL_UART_GetError	0	static
D:/Projects/gen_ai_robot_pendulum/mb1292b-controller/Drivers/STM32WBxx_HAL_Driver/Src/stm32wbxx_hal_uart.c:3150:19:UART_SetConfig	24	static
D:/Projects/gen_ai_robot_pendulum/mb1292b-controller/Drivers/STM32WBxx_HAL_Driver/Src/stm32wbxx_hal_uart.c:3376:6:UART_AdvFeatureConfig	8	static
D:/Projects/gen_ai_robot_pendulum/mb1292b-controller/Drivers/STM32WBxx_HAL_Driver/Src/stm32wbxx_hal_uart.c:3519:19:UART_WaitOnFlagUntilTimeout	32	static
D:/Projects/gen_ai_robot_pendulum/mb1292b-controller/Drivers/STM32WBxx_HAL_Driver/Src/stm32wbxx_hal_uart.c:1139:19:HAL_UART_Transmit	40	static
D:/Projects/gen_ai_robot_pendulum/mb1292b-controller/Drivers/STM32WBxx_HAL_Driver/Src/stm32wbxx_hal_uart.c:1245:19:HAL_UART_Receive	40	static
D:/Projects/gen_ai_robot_pendulum/mb1292b-controller/Drivers/STM32WBxx_HAL_Driver/Src/stm32wbxx_hal_uart.c:3450:19:UART_CheckIdleState	24	static,ignoring_inline_asm
D:/Projects/gen_ai_robot_pendulum/mb1292b-controller/Drivers/STM32WBxx_HAL_Driver/Src/stm32wbxx_hal_uart.c:309:19:HAL_UART_Init	8	static
D:/Projects/gen_ai_robot_pendulum/mb1292b-controller/Drivers/STM32WBxx_HAL_Driver/Src/stm32wbxx_hal_uart.c:388:19:HAL_HalfDuplex_Init	8	static
D:/Projects/gen_ai_robot_pendulum/mb1292b-controller/Drivers/STM32WBxx_HAL_Driver/Src/stm32wbxx_hal_uart.c:463:19:HAL_LIN_Init	16	static
D:/Projects/gen_ai_robot_pendulum/mb1292b-controller/Drivers/STM32WBxx_HAL_Driver/Src/stm32wbxx_hal_uart.c:562:19:HAL_MultiProcessor_Init	16	static
D:/Projects/gen_ai_robot_pendulum/mb1292b-controller/Drivers/STM32WBxx_HAL_Driver/Src/stm32wbxx_hal_uart.c:2946:19:HAL_MultiProcessor_EnableMuteMode	0	static,ignoring_inline_asm
D:/Projects/gen_ai_robot_pendulum/mb1292b-controller/Drivers/STM32WBxx_HAL_Driver/Src/stm32wbxx_hal_uart.c:2966:19:HAL_MultiProcessor_DisableMuteMode	0	static,ignoring_inline_asm
D:/Projects/gen_ai_robot_pendulum/mb1292b-controller/Drivers/STM32WBxx_HAL_Driver/Src/stm32wbxx_hal_uart.c:3587:19:UART_Start_Receive_IT	12	static,ignoring_inline_asm
D:/Projects/gen_ai_robot_pendulum/mb1292b-controller/Drivers/STM32WBxx_HAL_Driver/Src/stm32wbxx_hal_uart.c:1421:19:HAL_UART_Receive_IT	16	static,ignoring_inline_asm
D:/Projects/gen_ai_robot_pendulum/mb1292b-controller/Drivers/STM32WBxx_HAL_Driver/Src/stm32wbxx_hal_uart.c:3659:19:UART_Start_Receive_DMA	16	static,ignoring_inline_asm
D:/Projects/gen_ai_robot_pendulum/mb1292b-controller/Drivers/STM32WBxx_HAL_Driver/Src/stm32wbxx_hal_uart.c:1557:19:HAL_UART_Receive_DMA	8	static,ignoring_inline_asm
