D:/Projects/gen_ai_robot_pendulum/mb1292b-controller/Middlewares/ST/STM32_WPAN/utilities/dbg_trace.c:166:13:DbgTrace_TxCpltCallback	16	static,ignoring_inline_asm
D:/Projects/gen_ai_robot_pendulum/mb1292b-controller/Middlewares/ST/STM32_WPAN/utilities/dbg_trace.c:120:13:DbgTraceGetFileName	8	static
D:/Projects/gen_ai_robot_pendulum/mb1292b-controller/Middlewares/ST/STM32_WPAN/utilities/dbg_trace.c:145:6:DbgTraceBuffer	24	static
D:/Projects/gen_ai_robot_pendulum/mb1292b-controller/Middlewares/ST/STM32_WPAN/utilities/dbg_trace.c:205:6:DbgTraceInit	16	static
D:/Projects/gen_ai_robot_pendulum/mb1292b-controller/Middlewares/ST/STM32_WPAN/utilities/dbg_trace.c:254:8:DbgTraceWrite	16	static,ignoring_inline_asm
D:/Projects/gen_ai_robot_pendulum/mb1292b-controller/Middlewares/ST/STM32_WPAN/utilities/dbg_trace.c:227:8:_write	0	static
