D:/Projects/gen_ai_robot_pendulum/mb1292b-controller/Drivers/BSP/Components/stts22h/stts22h.c:197:9:STTS22H_GetCapabilities	0	static
D:/Projects/gen_ai_robot_pendulum/mb1292b-controller/Drivers/BSP/Components/stts22h/stts22h.c:573:16:ReadRegWrap	32	static
D:/Projects/gen_ai_robot_pendulum/mb1292b-controller/Drivers/BSP/Components/stts22h/stts22h.c:602:16:WriteRegWrap	32	static
D:/Projects/gen_ai_robot_pendulum/mb1292b-controller/Drivers/BSP/Components/stts22h/stts22h.c:119:9:STTS22H_Init	16	static
D:/Projects/gen_ai_robot_pendulum/mb1292b-controller/Drivers/BSP/Components/stts22h/stts22h.c:341:9:STTS22H_TEMP_SetOutputDataRate	8	static
D:/Projects/gen_ai_robot_pendulum/mb1292b-controller/Drivers/BSP/Components/stts22h/stts22h.c:235:9:STTS22H_TEMP_Enable	8	static
D:/Projects/gen_ai_robot_pendulum/mb1292b-controller/Drivers/BSP/Components/stts22h/stts22h.c:177:9:STTS22H_ReadID	16	static
D:/Projects/gen_ai_robot_pendulum/mb1292b-controller/Drivers/BSP/Components/stts22h/stts22h.c:290:9:STTS22H_TEMP_GetOutputDataRate	16	static
D:/Projects/gen_ai_robot_pendulum/mb1292b-controller/Drivers/BSP/Components/stts22h/stts22h.c:259:9:STTS22H_TEMP_Disable	8	static
D:/Projects/gen_ai_robot_pendulum/mb1292b-controller/Drivers/BSP/Components/stts22h/stts22h.c:155:9:STTS22H_DeInit	8	static
D:/Projects/gen_ai_robot_pendulum/mb1292b-controller/Drivers/BSP/Components/stts22h/stts22h.c:365:9:STTS22H_TEMP_GetTemperature	24	static
D:/Projects/gen_ai_robot_pendulum/mb1292b-controller/Drivers/BSP/Components/stts22h/stts22h.c:79:9:STTS22H_RegisterBusIO	0	static
D:/Projects/gen_ai_robot_pendulum/mb1292b-controller/Drivers/BSP/Components/stts22h/stts22h.c:218:9:STTS22H_Get_Init_Status	0	static
D:/Projects/gen_ai_robot_pendulum/mb1292b-controller/Drivers/BSP/Components/stts22h/stts22h.c:386:9:STTS22H_TEMP_Get_DRDY_Status	16	static
D:/Projects/gen_ai_robot_pendulum/mb1292b-controller/Drivers/BSP/Components/stts22h/stts22h.c:413:9:STTS22H_TEMP_SetHighTemperatureThreshold	16	static
D:/Projects/gen_ai_robot_pendulum/mb1292b-controller/Drivers/BSP/Components/stts22h/stts22h.c:434:9:STTS22H_TEMP_SetLowTemperatureThreshold	16	static
D:/Projects/gen_ai_robot_pendulum/mb1292b-controller/Drivers/BSP/Components/stts22h/stts22h.c:456:9:STTS22H_TEMP_GetTemperatureLimitStatus	24	static
D:/Projects/gen_ai_robot_pendulum/mb1292b-controller/Drivers/BSP/Components/stts22h/stts22h.c:486:9:STTS22H_Read_Reg	8	static
D:/Projects/gen_ai_robot_pendulum/mb1292b-controller/Drivers/BSP/Components/stts22h/stts22h.c:503:9:STTS22H_Write_Reg	16	static
D:/Projects/gen_ai_robot_pendulum/mb1292b-controller/Drivers/BSP/Components/stts22h/stts22h.c:518:9:STTS22H_Set_One_Shot	8	static
D:/Projects/gen_ai_robot_pendulum/mb1292b-controller/Drivers/BSP/Components/stts22h/stts22h.c:535:9:STTS22H_Get_One_Shot_Status	16	static
