D:/Projects/gen_ai_robot_pendulum/mb1292b-controller/Projects/STM32WB5MM-DK/Applications/BLE/BLE_Sensor/STM32_WPAN/App/app_ble.c:1305:13:Switch_OFF_GPIO	0	static
D:/Projects/gen_ai_robot_pendulum/mb1292b-controller/Projects/STM32WB5MM-DK/Applications/BLE/BLE_Sensor/STM32_WPAN/App/app_ble.c:1290:13:Adv_Cancel_Req	0	static
D:/Projects/gen_ai_robot_pendulum/mb1292b-controller/Projects/STM32WB5MM-DK/Applications/BLE/BLE_Sensor/STM32_WPAN/App/app_ble.c:1391:13:BLE_UserEvtRx	8	static
D:/Projects/gen_ai_robot_pendulum/mb1292b-controller/Projects/STM32WB5MM-DK/Applications/BLE/BLE_Sensor/STM32_WPAN/App/app_ble.c:1259:13:Adv_Cancel	8	static
D:/Projects/gen_ai_robot_pendulum/mb1292b-controller/Projects/STM32WB5MM-DK/Applications/BLE/BLE_Sensor/STM32_WPAN/App/app_ble.c:1411:13:BLE_StatusNot	0	static
D:/Projects/gen_ai_robot_pendulum/mb1292b-controller/Projects/STM32WB5MM-DK/Applications/BLE/BLE_Sensor/STM32_WPAN/App/app_ble.c:1202:16:BleGetBdAddress	8	static
D:/Projects/gen_ai_robot_pendulum/mb1292b-controller/Projects/STM32WB5MM-DK/Applications/BLE/BLE_Sensor/STM32_WPAN/App/app_ble.c:1112:13:Adv_Request.constprop	48	static
D:/Projects/gen_ai_robot_pendulum/mb1292b-controller/Projects/STM32WB5MM-DK/Applications/BLE/BLE_Sensor/STM32_WPAN/App/app_ble.c:374:6:APP_BLE_Init	216	static
D:/Projects/gen_ai_robot_pendulum/mb1292b-controller/Projects/STM32WB5MM-DK/Applications/BLE/BLE_Sensor/STM32_WPAN/App/app_ble.c:571:28:SVCCTL_App_Notification	40	static
D:/Projects/gen_ai_robot_pendulum/mb1292b-controller/Projects/STM32WB5MM-DK/Applications/BLE/BLE_Sensor/STM32_WPAN/App/app_ble.c:812:22:APP_BLE_Get_Server_Connection_Status	0	static
D:/Projects/gen_ai_robot_pendulum/mb1292b-controller/Projects/STM32WB5MM-DK/Applications/BLE/BLE_Sensor/STM32_WPAN/App/app_ble.c:818:6:APP_BLE_Key_Button1_Action	0	static
D:/Projects/gen_ai_robot_pendulum/mb1292b-controller/Projects/STM32WB5MM-DK/Applications/BLE/BLE_Sensor/STM32_WPAN/App/app_ble.c:1370:6:hci_notify_asynch_evt	0	static
D:/Projects/gen_ai_robot_pendulum/mb1292b-controller/Projects/STM32WB5MM-DK/Applications/BLE/BLE_Sensor/STM32_WPAN/App/app_ble.c:1377:6:hci_cmd_resp_release	0	static
D:/Projects/gen_ai_robot_pendulum/mb1292b-controller/Projects/STM32WB5MM-DK/Applications/BLE/BLE_Sensor/STM32_WPAN/App/app_ble.c:1384:6:hci_cmd_resp_wait	0	static
D:/Projects/gen_ai_robot_pendulum/mb1292b-controller/Projects/STM32WB5MM-DK/Applications/BLE/BLE_Sensor/STM32_WPAN/App/app_ble.c:1450:6:SVCCTL_ResumeUserEventFlow	0	static
