../../../../../../../Utilities/Fusion/Fusion/FusionMath.h:136:21:FusionRadiansToDegrees	16	static
../../../../../../../Utilities/Fusion/Fusion/FusionMath.h:149:21:FusionArcSin	16	static
../../../../../../../Utilities/Fusion/Fusion/FusionMath.h:540:27:FusionQuaternionToEuler	64	static
D:/Projects/gen_ai_robot_pendulum/mb1292b-controller/Projects/STM32WB5MM-DK/Applications/BLE/BLE_Sensor/Core/Src/app_vl53l0x.c:60:6:VL53L0X_PROXIMITY_Init	144	static
D:/Projects/gen_ai_robot_pendulum/mb1292b-controller/Projects/STM32WB5MM-DK/Applications/BLE/BLE_Sensor/Core/Src/app_vl53l0x.c:106:6:VL53L0X_Start_Measure	8	static
D:/Projects/gen_ai_robot_pendulum/mb1292b-controller/Projects/STM32WB5MM-DK/Applications/BLE/BLE_Sensor/Core/Src/app_vl53l0x.c:111:6:VL53L0X_Stop_Measure	8	static
D:/Projects/gen_ai_robot_pendulum/mb1292b-controller/Projects/STM32WB5MM-DK/Applications/BLE/BLE_Sensor/Core/Src/app_vl53l0x.c:119:6:VL53L0X_NextScreen	8	static
D:/Projects/gen_ai_robot_pendulum/mb1292b-controller/Projects/STM32WB5MM-DK/Applications/BLE/BLE_Sensor/Core/Src/app_vl53l0x.c:126:13:VL53L0X_PROXIMITY_Update_Timer_Callback	8	static
D:/Projects/gen_ai_robot_pendulum/mb1292b-controller/Projects/STM32WB5MM-DK/Applications/BLE/BLE_Sensor/Core/Src/app_vl53l0x.c:135:10:VL53L0X_PROXIMITY_GetDistance	40	static
D:/Projects/gen_ai_robot_pendulum/mb1292b-controller/Projects/STM32WB5MM-DK/Applications/BLE/BLE_Sensor/Core/Src/app_vl53l0x.c:145:6:VL53L0X_PROXIMITY_PrintValue	56	static
D:/Projects/gen_ai_robot_pendulum/mb1292b-controller/Projects/STM32WB5MM-DK/Applications/BLE/BLE_Sensor/Core/Src/app_vl53l0x.c:183:13:Screen_Distance	64	static
D:/Projects/gen_ai_robot_pendulum/mb1292b-controller/Projects/STM32WB5MM-DK/Applications/BLE/BLE_Sensor/Core/Src/app_vl53l0x.c:213:13:Screen_IMURaw	64	static
D:/Projects/gen_ai_robot_pendulum/mb1292b-controller/Projects/STM32WB5MM-DK/Applications/BLE/BLE_Sensor/Core/Src/app_vl53l0x.c:232:13:Screen_AHRSFusion	104	static
