../../../../../../../Utilities/Fusion/Fusion/FusionMath.h:136:21:FusionRadiansToDegrees	16	static
../../../../../../../Utilities/Fusion/Fusion/FusionMath.h:149:21:FusionArcSin	16	static
../../../../../../../Utilities/Fusion/Fusion/FusionMath.h:540:27:FusionQuaternionToEuler	64	static
D:/Projects/gen_ai_robot_pendulum/mb1292b-controller/Projects/STM32WB5MM-DK/Applications/BLE/BLE_Sensor/Core/Src/app_vl53l0x.c:56:6:VL53L0X_PROXIMITY_Init	144	static
D:/Projects/gen_ai_robot_pendulum/mb1292b-controller/Projects/STM32WB5MM-DK/Applications/BLE/BLE_Sensor/Core/Src/app_vl53l0x.c:113:6:VL53L0X_Start_Measure	8	static
D:/Projects/gen_ai_robot_pendulum/mb1292b-controller/Projects/STM32WB5MM-DK/Applications/BLE/BLE_Sensor/Core/Src/app_vl53l0x.c:119:6:VL53L0X_Stop_Measure	8	static
D:/Projects/gen_ai_robot_pendulum/mb1292b-controller/Projects/STM32WB5MM-DK/Applications/BLE/BLE_Sensor/Core/Src/app_vl53l0x.c:131:13:VL53L0X_PROXIMITY_Update_Timer_Callback	8	static
D:/Projects/gen_ai_robot_pendulum/mb1292b-controller/Projects/STM32WB5MM-DK/Applications/BLE/BLE_Sensor/Core/Src/app_vl53l0x.c:141:10:VL53L0X_PROXIMITY_GetDistance	40	static
D:/Projects/gen_ai_robot_pendulum/mb1292b-controller/Projects/STM32WB5MM-DK/Applications/BLE/BLE_Sensor/Core/Src/app_vl53l0x.c:155:6:VL53L0X_PROXIMITY_PrintValue	152	static
