D:/Projects/gen_ai_robot_pendulum/mb1292b-controller/Projects/STM32WB5MM-DK/Applications/BLE/BLE_Sensor/Core/Src/app_vl53l0x.c:53:6:VL53L0X_PROXIMITY_Init	112	static
D:/Projects/gen_ai_robot_pendulum/mb1292b-controller/Projects/STM32WB5MM-DK/Applications/BLE/BLE_Sensor/Core/Src/app_vl53l0x.c:98:6:VL53L0X_Start_Measure	8	static
D:/Projects/gen_ai_robot_pendulum/mb1292b-controller/Projects/STM32WB5MM-DK/Applications/BLE/BLE_Sensor/Core/Src/app_vl53l0x.c:104:6:VL53L0X_Stop_Measure	8	static
D:/Projects/gen_ai_robot_pendulum/mb1292b-controller/Projects/STM32WB5MM-DK/Applications/BLE/BLE_Sensor/Core/Src/app_vl53l0x.c:116:13:VL53L0X_PROXIMITY_Update_Timer_Callback	8	static
D:/Projects/gen_ai_robot_pendulum/mb1292b-controller/Projects/STM32WB5MM-DK/Applications/BLE/BLE_Sensor/Core/Src/app_vl53l0x.c:126:10:VL53L0X_PROXIMITY_GetDistance	40	static
D:/Projects/gen_ai_robot_pendulum/mb1292b-controller/Projects/STM32WB5MM-DK/Applications/BLE/BLE_Sensor/Core/Src/app_vl53l0x.c:140:6:VL53L0X_PROXIMITY_PrintValue	80	static
