../../../../../../../Utilities/Fusion/Fusion/FusionMath.h:136:21:FusionRadiansToDegrees	16	static
../../../../../../../Utilities/Fusion/Fusion/FusionMath.h:149:21:FusionArcSin	16	static
../../../../../../../Utilities/Fusion/Fusion/FusionMath.h:540:27:FusionQuaternionToEuler	64	static
D:/Projects/gen_ai_robot_pendulum/mb1292b-controller/Projects/STM32WB5MM-DK/Applications/BLE/BLE_Sensor/Core/Src/app_vl53l0x.c:61:6:VL53L0X_PROXIMITY_Init	144	static
D:/Projects/gen_ai_robot_pendulum/mb1292b-controller/Projects/STM32WB5MM-DK/Applications/BLE/BLE_Sensor/Core/Src/app_vl53l0x.c:107:6:VL53L0X_Start_Measure	8	static
D:/Projects/gen_ai_robot_pendulum/mb1292b-controller/Projects/STM32WB5MM-DK/Applications/BLE/BLE_Sensor/Core/Src/app_vl53l0x.c:112:6:VL53L0X_Stop_Measure	8	static
D:/Projects/gen_ai_robot_pendulum/mb1292b-controller/Projects/STM32WB5MM-DK/Applications/BLE/BLE_Sensor/Core/Src/app_vl53l0x.c:120:6:VL53L0X_NextScreen	8	static
D:/Projects/gen_ai_robot_pendulum/mb1292b-controller/Projects/STM32WB5MM-DK/Applications/BLE/BLE_Sensor/Core/Src/app_vl53l0x.c:127:13:VL53L0X_PROXIMITY_Update_Timer_Callback	8	static
D:/Projects/gen_ai_robot_pendulum/mb1292b-controller/Projects/STM32WB5MM-DK/Applications/BLE/BLE_Sensor/Core/Src/app_vl53l0x.c:136:10:VL53L0X_PROXIMITY_GetDistance	40	static
D:/Projects/gen_ai_robot_pendulum/mb1292b-controller/Projects/STM32WB5MM-DK/Applications/BLE/BLE_Sensor/Core/Src/app_vl53l0x.c:146:6:VL53L0X_PROXIMITY_PrintValue	104	static
D:/Projects/gen_ai_robot_pendulum/mb1292b-controller/Projects/STM32WB5MM-DK/Applications/BLE/BLE_Sensor/Core/Src/app_vl53l0x.c:216:13:Screen_Distance	64	static
D:/Projects/gen_ai_robot_pendulum/mb1292b-controller/Projects/STM32WB5MM-DK/Applications/BLE/BLE_Sensor/Core/Src/app_vl53l0x.c:246:13:Screen_IMURaw	64	static
D:/Projects/gen_ai_robot_pendulum/mb1292b-controller/Projects/STM32WB5MM-DK/Applications/BLE/BLE_Sensor/Core/Src/app_vl53l0x.c:265:13:Screen_AHRSFusion	104	static
