../../../../../../../Drivers/STM32WBxx_HAL_Driver/Inc/stm32wbxx_ll_rcc.h:1679:22:LL_RCC_LSE_SetDriveCapability	16	static
../../../../../../../Drivers/STM32WBxx_HAL_Driver/Inc/stm32wbxx_ll_bus.h:364:22:LL_AHB1_GRP1_EnableClock	24	static
../../../../../../../Drivers/STM32WBxx_HAL_Driver/Inc/stm32wbxx_ll_bus.h:539:22:LL_AHB2_GRP1_EnableClock	24	static
D:/Projects/gen_ai_robot_pendulum/mb1292b-controller/Projects/STM32WB5MM-DK/Applications/BLE/BLE_Sensor/Core/Src/main.c:78:5:main	8	static
D:/Projects/gen_ai_robot_pendulum/mb1292b-controller/Projects/STM32WB5MM-DK/Applications/BLE/BLE_Sensor/Core/Src/main.c:136:6:SystemClock_Config	112	static
D:/Projects/gen_ai_robot_pendulum/mb1292b-controller/Projects/STM32WB5MM-DK/Applications/BLE/BLE_Sensor/Core/Src/main.c:193:6:PeriphCommonClock_Config	88	static
D:/Projects/gen_ai_robot_pendulum/mb1292b-controller/Projects/STM32WB5MM-DK/Applications/BLE/BLE_Sensor/Core/Src/main.c:231:13:MX_IPCC_Init	8	static
D:/Projects/gen_ai_robot_pendulum/mb1292b-controller/Projects/STM32WB5MM-DK/Applications/BLE/BLE_Sensor/Core/Src/main.c:257:13:MX_RF_Init	4	static
D:/Projects/gen_ai_robot_pendulum/mb1292b-controller/Projects/STM32WB5MM-DK/Applications/BLE/BLE_Sensor/Core/Src/main.c:278:13:MX_RTC_Init	8	static
D:/Projects/gen_ai_robot_pendulum/mb1292b-controller/Projects/STM32WB5MM-DK/Applications/BLE/BLE_Sensor/Core/Src/main.c:314:6:MX_USART1_UART_Init	8	static
D:/Projects/gen_ai_robot_pendulum/mb1292b-controller/Projects/STM32WB5MM-DK/Applications/BLE/BLE_Sensor/Core/Src/main.c:360:13:MX_DMA_Init	8	static
D:/Projects/gen_ai_robot_pendulum/mb1292b-controller/Projects/STM32WB5MM-DK/Applications/BLE/BLE_Sensor/Core/Src/main.c:379:13:MX_GPIO_Init	32	static
D:/Projects/gen_ai_robot_pendulum/mb1292b-controller/Projects/STM32WB5MM-DK/Applications/BLE/BLE_Sensor/Core/Src/main.c:639:6:Error_Handler	4	static,ignoring_inline_asm
