D:/Projects/gen_ai_robot_pendulum/mb1292b-controller/Projects/STM32WB5MM-DK/Applications/BLE/BLE_Sensor/Core/Src/app_entry.c:406:13:APPE_SysStatusNot	0	static
D:/Projects/gen_ai_robot_pendulum/mb1292b-controller/Projects/STM32WB5MM-DK/Applications/BLE/BLE_Sensor/Core/Src/app_entry.c:687:13:RxCpltCallback	16	static
D:/Projects/gen_ai_robot_pendulum/mb1292b-controller/Projects/STM32WB5MM-DK/Applications/BLE/BLE_Sensor/Core/Src/app_entry.c:421:13:APPE_SysUserEvtRx	48	static
D:/Projects/gen_ai_robot_pendulum/mb1292b-controller/Projects/STM32WB5MM-DK/Applications/BLE/BLE_Sensor/Core/Src/app_entry.c:101:6:MX_APPE_Config	8	static
D:/Projects/gen_ai_robot_pendulum/mb1292b-controller/Projects/STM32WB5MM-DK/Applications/BLE/BLE_Sensor/Core/Src/app_entry.c:177:6:Init_Smps	0	static
D:/Projects/gen_ai_robot_pendulum/mb1292b-controller/Projects/STM32WB5MM-DK/Applications/BLE/BLE_Sensor/Core/Src/app_entry.c:195:6:Init_Exti	0	static
D:/Projects/gen_ai_robot_pendulum/mb1292b-controller/Projects/STM32WB5MM-DK/Applications/BLE/BLE_Sensor/Core/Src/app_entry.c:205:6:LED_Deinit	32	static
D:/Projects/gen_ai_robot_pendulum/mb1292b-controller/Projects/STM32WB5MM-DK/Applications/BLE/BLE_Sensor/Core/Src/app_entry.c:222:6:LED_On	8	static
D:/Projects/gen_ai_robot_pendulum/mb1292b-controller/Projects/STM32WB5MM-DK/Applications/BLE/BLE_Sensor/Core/Src/app_entry.c:229:6:LED_Off	8	static
D:/Projects/gen_ai_robot_pendulum/mb1292b-controller/Projects/STM32WB5MM-DK/Applications/BLE/BLE_Sensor/Core/Src/app_entry.c:121:6:MX_APPE_Init	40	static
D:/Projects/gen_ai_robot_pendulum/mb1292b-controller/Projects/STM32WB5MM-DK/Applications/BLE/BLE_Sensor/Core/Src/app_entry.c:600:6:HAL_Delay	16	static,ignoring_inline_asm
D:/Projects/gen_ai_robot_pendulum/mb1292b-controller/Projects/STM32WB5MM-DK/Applications/BLE/BLE_Sensor/Core/Src/app_entry.c:629:6:MX_APPE_Process	0	static
D:/Projects/gen_ai_robot_pendulum/mb1292b-controller/Projects/STM32WB5MM-DK/Applications/BLE/BLE_Sensor/Core/Src/app_entry.c:640:6:UTIL_SEQ_Idle	0	static
D:/Projects/gen_ai_robot_pendulum/mb1292b-controller/Projects/STM32WB5MM-DK/Applications/BLE/BLE_Sensor/Core/Src/app_entry.c:648:6:shci_notify_asynch_evt	0	static
D:/Projects/gen_ai_robot_pendulum/mb1292b-controller/Projects/STM32WB5MM-DK/Applications/BLE/BLE_Sensor/Core/Src/app_entry.c:654:6:shci_cmd_resp_release	0	static
D:/Projects/gen_ai_robot_pendulum/mb1292b-controller/Projects/STM32WB5MM-DK/Applications/BLE/BLE_Sensor/Core/Src/app_entry.c:660:6:shci_cmd_resp_wait	0	static
D:/Projects/gen_ai_robot_pendulum/mb1292b-controller/Projects/STM32WB5MM-DK/Applications/BLE/BLE_Sensor/Core/Src/app_entry.c:667:6:HAL_GPIO_EXTI_Callback	0	static
